core_cm4.h:1679:22:void __NVIC_EnableIRQ(IRQn_Type)	16	static
core_cm4.h:1717:22:void __NVIC_DisableIRQ(IRQn_Type)	16	static
fsl_clock.h:726:20:void CLOCK_EnableClock(clock_ip_name_t)	24	static
fsl_clock.h:737:20:void CLOCK_DisableClock(clock_ip_name_t)	24	static
fsl_common.h:419:28:status_t EnableIRQ(IRQn_Type)	16	static
fsl_common.h:457:28:status_t DisableIRQ(IRQn_Type)	16	static
fsl_dspi.h:506:20:void DSPI_Enable(SPI_Type*, bool)	16	static
fsl_dspi.h:532:24:uint32_t DSPI_GetStatusFlags(SPI_Type*)	16	static
fsl_dspi.h:551:20:void DSPI_ClearStatusFlags(SPI_Type*, uint32_t)	16	static
fsl_dspi.h:591:20:void DSPI_DisableInterrupts(SPI_Type*, uint32_t)	16	static
fsl_dspi.h:697:20:void DSPI_SetMasterSlaveMode(SPI_Type*, dspi_master_slave_mode_t)	16	static
fsl_dspi.h:708:20:bool DSPI_IsMaster(SPI_Type*)	16	static
fsl_dspi.h:726:20:void DSPI_StartTransfer(SPI_Type*)	16	static
fsl_dspi.h:737:20:void DSPI_StopTransfer(SPI_Type*)	16	static
fsl_dspi.h:766:20:void DSPI_FlushFifo(SPI_Type*, bool, bool)	16	static
fsl_dspi.h:947:24:uint32_t DSPI_MasterGetFormattedCommand(dspi_command_data_config_t*)	16	static
fsl_dspi.h:1028:24:uint32_t DSPI_ReadData(SPI_Type*)	16	static
fsl_dspi.c:127:10:uint32_t DSPI_GetInstance(SPI_Type*)	24	static
fsl_dspi.c:153:9:uint8_t DSPI_GetDummyDataInstance(SPI_Type*)	24	static
fsl_dspi.c:166:6:void DSPI_SetDummyData(SPI_Type*, uint8_t)	24	static
fsl_dspi.c:200:6:void DSPI_MasterInit(SPI_Type*, const dspi_master_config_t*, uint32_t)	40	static
fsl_dspi.c:262:6:void DSPI_MasterGetDefaultConfig(dspi_master_config_t*)	16	static
fsl_dspi.c:309:6:void DSPI_SlaveInit(SPI_Type*, const dspi_slave_config_t*)	24	static
fsl_dspi.c:360:6:void DSPI_SlaveGetDefaultConfig(dspi_slave_config_t*)	16	static
fsl_dspi.c:382:6:void DSPI_Deinit(SPI_Type*)	16	static
fsl_dspi.c:393:13:void DSPI_SetOnePcsPolarity(SPI_Type*, dspi_which_pcs_t, dspi_pcs_polarity_config_t)	24	static
fsl_dspi.c:424:10:uint32_t DSPI_MasterSetBaudRate(SPI_Type*, dspi_ctar_selection_t, uint32_t, uint32_t)	72	static
fsl_dspi.c:506:6:void DSPI_MasterSetDelayScaler(SPI_Type*, dspi_ctar_selection_t, uint32_t, uint32_t, dspi_delay_type_t)	24	static
fsl_dspi.c:559:10:uint32_t DSPI_MasterSetDelayTimes(SPI_Type*, dspi_ctar_selection_t, dspi_delay_type_t, uint32_t, uint32_t)	72	static
fsl_dspi.c:644:6:void DSPI_GetDefaultDataCommandConfig(dspi_command_data_config_t*)	16	static
fsl_dspi.c:685:6:void DSPI_MasterWriteDataBlocking(SPI_Type*, dspi_command_data_config_t*, uint16_t)	24	static
fsl_dspi.c:749:6:void DSPI_MasterWriteCommandDataBlocking(SPI_Type*, uint32_t)	16	static
fsl_dspi.c:778:6:void DSPI_SlaveWriteDataBlocking(SPI_Type*, uint32_t)	16	static
fsl_dspi.c:812:6:void DSPI_EnableInterrupts(SPI_Type*, uint32_t)	16	static
fsl_dspi.c:838:6:void DSPI_MasterTransferCreateHandle(SPI_Type*, dspi_master_handle_t*, dspi_master_transfer_callback_t, void*)	32	static
fsl_dspi.c:864:10:status_t DSPI_MasterTransferBlocking(SPI_Type*, dspi_transfer_t*)	72	static
fsl_dspi.c:1132:13:void DSPI_MasterTransferPrepare(SPI_Type*, dspi_master_handle_t*, dspi_transfer_t*)	40	static
fsl_dspi.c:1188:10:status_t DSPI_MasterTransferNonBlocking(SPI_Type*, dspi_master_handle_t*, dspi_transfer_t*)	24	static
fsl_dspi.c:1241:10:status_t DSPI_MasterHalfDuplexTransferBlocking(SPI_Type*, dspi_half_duplex_transfer_t*)	40	static
fsl_dspi.c:1308:10:status_t DSPI_MasterHalfDuplexTransferNonBlocking(SPI_Type*, dspi_master_handle_t*, dspi_half_duplex_transfer_t*)	48	static
fsl_dspi.c:1374:10:status_t DSPI_MasterTransferGetCount(SPI_Type*, dspi_master_handle_t*, size_t*)	24	static
fsl_dspi.c:1394:13:void DSPI_MasterTransferComplete(SPI_Type*, dspi_master_handle_t*)	32	static
fsl_dspi.c:1419:13:void DSPI_MasterTransferFillUpTxFifo(SPI_Type*, dspi_master_handle_t*)	32	static
fsl_dspi.c:1558:6:void DSPI_MasterTransferAbort(SPI_Type*, dspi_master_handle_t*)	16	static
fsl_dspi.c:1579:6:void DSPI_MasterTransferHandleIRQ(SPI_Type*, dspi_master_handle_t*)	24	static
fsl_dspi.c:1702:6:void DSPI_SlaveTransferCreateHandle(SPI_Type*, dspi_slave_handle_t*, dspi_slave_transfer_callback_t, void*)	32	static
fsl_dspi.c:1729:10:status_t DSPI_SlaveTransferNonBlocking(SPI_Type*, dspi_slave_handle_t*, dspi_transfer_t*)	32	static
fsl_dspi.c:1808:10:status_t DSPI_SlaveTransferGetCount(SPI_Type*, dspi_slave_handle_t*, size_t*)	24	static
fsl_dspi.c:1828:13:void DSPI_SlaveTransferFillUpTxFifo(SPI_Type*, dspi_slave_handle_t*)	24	static
fsl_dspi.c:1916:13:void DSPI_SlaveTransferComplete(SPI_Type*, dspi_slave_handle_t*)	32	static
fsl_dspi.c:1957:6:void DSPI_SlaveTransferAbort(SPI_Type*, dspi_slave_handle_t*)	16	static
fsl_dspi.c:1981:6:void DSPI_SlaveTransferHandleIRQ(SPI_Type*, dspi_slave_handle_t*)	32	static
fsl_dspi.c:2160:13:void DSPI_CommonIRQHandler(SPI_Type*, void*)	16	static
fsl_dspi.c:2178:6:void SPI0_DriverIRQHandler()	8	static
fsl_dspi.c:2186:6:void SPI1_DriverIRQHandler()	8	static
fsl_dspi.c:2194:6:void SPI2_DriverIRQHandler()	8	static
