fsl_cache.c:29:6:void L1CACHE_EnableCodeCache()	8	static
fsl_cache.c:42:6:void L1CACHE_DisableCodeCache()	8	static
fsl_cache.c:55:6:void L1CACHE_InvalidateCodeCache()	4	static
fsl_cache.c:80:6:void L1CACHE_InvalidateCodeCacheByRange(uint32_t, uint32_t)	32	static
fsl_cache.c:108:6:void L1CACHE_CleanCodeCache()	4	static
fsl_cache.c:132:6:void L1CACHE_CleanCodeCacheByRange(uint32_t, uint32_t)	32	static
fsl_cache.c:160:6:void L1CACHE_CleanInvalidateCodeCache()	4	static
fsl_cache.c:185:6:void L1CACHE_CleanInvalidateCodeCacheByRange(uint32_t, uint32_t)	32	static
fsl_cache.c:401:6:void L1CACHE_InvalidateICacheByRange(uint32_t, uint32_t)	24	static
fsl_cache.c:436:6:void L1CACHE_CleanDCacheByRange(uint32_t, uint32_t)	24	static
fsl_cache.c:471:6:void L1CACHE_CleanInvalidateDCacheByRange(uint32_t, uint32_t)	24	static
