fsl_common.h:487:28:uint32_t DisableGlobalIRQ()	16	static
fsl_common.h:518:24:void EnableGlobalIRQ(uint32_t)	24	static
fsl_smc.c:68:13:void SMC_EnterStopRamFunc()	16	static
fsl_smc.c:99:6:void SMC_PreEnterStopModes()	8	static
fsl_smc.c:111:6:void SMC_PostExitStopModes()	8	static
fsl_smc.c:122:6:void SMC_PreEnterWaitModes()	8	static
fsl_smc.c:134:6:void SMC_PostExitWaitModes()	8	static
fsl_smc.c:146:10:status_t SMC_SetPowerModeRun(SMC_Type*)	24	static
fsl_smc.c:166:10:status_t SMC_SetPowerModeHsrun(SMC_Type*)	24	static
fsl_smc.c:186:10:status_t SMC_SetPowerModeWait(SMC_Type*)	16	static
fsl_smc.c:204:10:status_t SMC_SetPowerModeStop(SMC_Type*, smc_partial_stop_option_t)	24	static
fsl_smc.c:246:10:status_t SMC_SetPowerModeVlpr(SMC_Type*)	24	static
fsl_smc.c:284:10:status_t SMC_SetPowerModeVlpw(SMC_Type*)	16	static
fsl_smc.c:302:10:status_t SMC_SetPowerModeVlps(SMC_Type*)	24	static
fsl_smc.c:337:10:status_t SMC_SetPowerModeLls(SMC_Type*, const smc_power_mode_lls_config_t*)	24	static
fsl_smc.c:399:10:status_t SMC_SetPowerModeVlls(SMC_Type*, const smc_power_mode_vlls_config_t*)	24	static
