fsl_i2c.h:426:20:void I2C_MasterClearStatusFlags(I2C_Type*, uint32_t)	16	static
fsl_i2c.h:508:20:void I2C_EnableDMA(I2C_Type*, bool)	16	static
fsl_i2c.h:529:24:uint32_t I2C_GetDataRegAddr(I2C_Type*)	16	static
fsl_i2c_edma.c:101:13:void I2C_MasterTransferCallbackEDMA(edma_handle_t*, void*, bool, uint32_t)	40	static
fsl_i2c_edma.c:170:17:status_t I2C_CheckAndClearError(I2C_Type*, uint32_t)	24	static
fsl_i2c_edma.c:194:17:status_t I2C_InitTransferStateMachineEDMA(I2C_Type*, i2c_master_edma_handle_t*, i2c_master_transfer_t*)	40	static
fsl_i2c_edma.c:332:13:void I2C_MasterTransferEDMAConfig(I2C_Type*, i2c_master_edma_handle_t*)	40	static
fsl_i2c_edma.c:376:6:void I2C_MasterCreateEDMAHandle(I2C_Type*, i2c_master_edma_handle_t*, i2c_master_edma_transfer_callback_t, void*, edma_handle_t*)	32	static
fsl_i2c_edma.c:418:10:status_t I2C_MasterTransferEDMA(I2C_Type*, i2c_master_edma_handle_t*, i2c_master_transfer_t*)	32	static
fsl_i2c_edma.c:541:10:status_t I2C_MasterTransferGetCountEDMA(I2C_Type*, i2c_master_edma_handle_t*, size_t*)	32	static
fsl_i2c_edma.c:570:6:void I2C_MasterTransferAbortEDMA(I2C_Type*, i2c_master_edma_handle_t*)	16	static
