gthr-default.h:229:1:int __gthread_key_delete(__gthread_key_t)	16	static
app_menu_type.c:19:7:void MENU_ItemConstruct_nullType(menu_itemIfce_t*, void*)	16	static
app_menu_type.c:24:7:void MENU_ItemGetData_nullType(menu_itemIfce_t*, void*)	16	static
app_menu_type.c:28:7:void MENU_ItemSetData_nullType(menu_itemIfce_t*, void*)	16	static
app_menu_type.c:33:7:void MENU_ItemPrintSlot_nullType(menu_itemIfce_t*, uint32_t)	16	static
app_menu_type.c:37:7:void MENU_ItemDirectKeyOp_nullType(menu_itemIfce_t*, menu_keyOp_t*)	16	static
app_menu_type.c:42:7:void MENU_ItemPrintDisp_nullType(menu_itemIfce_t*)	16	static
app_menu_type.c:46:7:void MENU_ItemKeyOp_nullType(menu_itemIfce_t*, menu_keyOp_t*)	16	static
app_menu_type.c:54:7:void MENU_ItemGetContent_variType(int32_t*, int32_t*, int32_t)	32	static
app_menu_type.c:75:7:void MENU_ItemSetContent_variType(int32_t*, int32_t, int32_t)	32	static
app_menu_type.c:97:7:void MENU_ItemConstruct_variType(menu_itemIfce_t*, void*)	16	static
app_menu_type.c:104:7:void MENU_ItemGetData_variType(menu_itemIfce_t*, void*)	16	static
app_menu_type.c:108:7:void MENU_ItemSetData_variType(menu_itemIfce_t*, void*)	16	static
app_menu_type.c:117:7:void MENU_ItemPrintSlot_variType(menu_itemIfce_t*, uint32_t)	32	static
app_menu_type.c:133:7:void MENU_ItemDirectKeyOp_variType(menu_itemIfce_t*, menu_keyOp_t*)	24	static
app_menu_type.c:189:7:void MENU_ItemPrintDisp_variType(menu_itemIfce_t*)	32	static
app_menu_type.c:224:7:void MENU_ItemKeyOp_variType(menu_itemIfce_t*, menu_keyOp_t*)	24	static
app_menu_type.c:312:7:void MENU_ItemGetContent_varfType(int32_t*, int32_t*, float)	24	static
app_menu_type.c:345:7:void MENU_ItemSetContent_varfType(float*, int32_t, int32_t)	32	static
app_menu_type.c:367:7:void MENU_ItemConstruct_varfType(menu_itemIfce_t*, void*)	16	static
app_menu_type.c:374:7:void MENU_ItemGetData_varfType(menu_itemIfce_t*, void*)	16	static
app_menu_type.c:378:7:void MENU_ItemSetData_varfType(menu_itemIfce_t*, void*)	24	static
app_menu_type.c:387:7:void MENU_ItemPrintSlot_varfType(menu_itemIfce_t*, uint32_t)	48	static
app_menu_type.c:403:7:void MENU_ItemDirectKeyOp_varfType(menu_itemIfce_t*, menu_keyOp_t*)	24	static
app_menu_type.c:445:7:void MENU_ItemPrintDisp_varfType(menu_itemIfce_t*)	40	static
app_menu_type.c:481:7:void MENU_ItemKeyOp_varfType(menu_itemIfce_t*, menu_keyOp_t*)	24	static
app_menu_type.c:579:7:void MENU_ItemConstruct_boolType(menu_itemIfce_t*, void*)	16	static
app_menu_type.c:584:7:void MENU_ItemGetData_boolType(menu_itemIfce_t*, void*)	16	static
app_menu_type.c:587:7:void MENU_ItemSetData_boolType(menu_itemIfce_t*, void*)	16	static
app_menu_type.c:591:7:void MENU_ItemPrintSlot_boolType(menu_itemIfce_t*, uint32_t)	16	static
app_menu_type.c:595:7:void MENU_ItemDirectKeyOp_boolType(menu_itemIfce_t*, menu_keyOp_t*)	16	static
app_menu_type.c:599:7:void MENU_ItemPrintDisp_boolType(menu_itemIfce_t*)	16	static
app_menu_type.c:603:7:void MENU_ItemKeyOp_boolType(menu_itemIfce_t*, menu_keyOp_t*)	16	static
app_menu_type.c:611:7:void MENU_ItemConstruct_procType(menu_itemIfce_t*, void*)	16	static
app_menu_type.c:616:7:void MENU_ItemGetData_procType(menu_itemIfce_t*, void*)	16	static
app_menu_type.c:619:7:void MENU_ItemSetData_procType(menu_itemIfce_t*, void*)	16	static
app_menu_type.c:623:7:void MENU_ItemPrintSlot_procType(menu_itemIfce_t*, uint32_t)	16	static
app_menu_type.c:627:7:void MENU_ItemDirectKeyOp_procType(menu_itemIfce_t*, menu_keyOp_t*)	24	static
app_menu_type.c:644:7:void MENU_ItemPrintDisp_procType(menu_itemIfce_t*)	16	static
app_menu_type.c:648:7:void MENU_ItemKeyOp_procType(menu_itemIfce_t*, menu_keyOp_t*)	16	static
app_menu_type.c:656:7:void MENU_ItemConstruct_menuType(menu_itemIfce_t*, void*)	16	static
app_menu_type.c:661:7:void MENU_ItemGetData_menuType(menu_itemIfce_t*, void*)	16	static
app_menu_type.c:664:7:void MENU_ItemSetData_menuType(menu_itemIfce_t*, void*)	16	static
app_menu_type.c:668:7:void MENU_ItemPrintSlot_menuType(menu_itemIfce_t*, uint32_t)	16	static
app_menu_type.c:672:7:void MENU_ItemDirectKeyOp_menuType(menu_itemIfce_t*, menu_keyOp_t*)	16	static
app_menu_type.c:686:7:void MENU_ItemPrintDisp_menuType(menu_itemIfce_t*)	16	static
app_menu_type.c:690:7:void MENU_ItemKeyOp_menuType(menu_itemIfce_t*, menu_keyOp_t*)	16	static
app_menu_type.c:699:19:menu_itemIfce_t* MENU_ItemConstruct(menu_itemType_t, void*, const char*, uint32_t, uint32_t)	32	static
app_menu_type.c:716:7:void MENU_itemDestruct(menu_itemIfce_t*)	16	static
app_menu_type.c:724:7:void MENU_ItemGetData(menu_itemIfce_t*, menu_nvmData_t*)	16	static
app_menu_type.c:731:7:void MENU_ItemSetData(menu_itemIfce_t*, menu_nvmData_t*)	16	static
app_menu_type.c:739:7:void MENU_ItemPrintSlot(menu_itemIfce_t*, uint32_t)	16	static
app_menu_type.c:745:7:void MENU_ItemDirectKeyOp(menu_itemIfce_t*, menu_keyOp_t*)	16	static
app_menu_type.c:750:7:void MENU_ItemPrintDisp(menu_itemIfce_t*)	16	static
app_menu_type.c:755:7:void MENU_ItemKeyOp(menu_itemIfce_t*, menu_keyOp_t*)	16	static
app_menu_type.c:764:15:menu_list_t* MENU_ListConstruct(const char*, uint32_t, menu_list_t*)	48	static
app_menu_type.c:781:7:void MENU_ListDestruct(menu_list_t*)	16	static
app_menu_type.c:788:11:status_t MENU_ListInsert(menu_list_t*, menu_itemIfce_t*)	16	static
app_menu_type.c:804:7:void MENU_ListPrintDisp(menu_list_t*)	32	static
app_menu_type.c:815:7:void MENU_ListKeyOp(menu_list_t*, menu_keyOp_t*)	16	static
app_menu_type.c:861:1:void __static_initialization_and_destruction_0(int, int)	16	static
app_menu_type.c:861:1:c)	8	static
