gthr-default.h:229:1:int __gthread_key_delete(__gthread_key_t)	16	static
fsl_gpio.h:216:24:uint32_t GPIO_PinRead(GPIO_Type*, uint32_t)	16	static
fsl_port.h:415:20:void PORT_SetPinInterruptConfig(PORT_Type*, uint32_t, port_interrupt_t)	24	static
sys_pitmgr.hpp:17:18:static uint64_t pitMgr_t::getLTC()	16	static
sys_pitmgr.hpp:25:18:static uint64_t pitMgr_t::getLTC_ms()	24	static
drv_button.c:26:16:PORT_Type* BUTTON_GetPortInst(GPIO_Type*)	16	static
drv_button.c:33:10:void BUTTON_Setup(button_t*, GPIO_Type*, uint32_t)	24	static
drv_button.c:44:15:button_t* BUTTON_Construct(GPIO_Type*, uint32_t)	24	static
drv_button.c:55:10:void BUTTON_InstallHandler(button_t*, button_handler_t)	16	static
drv_button.c:60:10:void BUTTON_UninstallHandler(button_t*)	16	static
drv_button.c:65:10:void BUTTON_SetInterrupt(button_t*, port_interrupt_t)	16	static
drv_button.c:72:14:uint32_t BUTTON_ReadPin(button_t*)	16	static
drv_button.c:78:10:void BUTTON_ExtIsr(button_t*)	56	static
drv_button.c:111:10:void BUTTON_PitIsr(button_t*)	40	static
drv_button.c:152:1:void __static_initialization_and_destruction_0(int, int)	16	static
drv_button.c:152:1:c)	8	static
