gthr-default.h:229:1:int __gthread_key_delete(__gthread_key_t)	16	static
lib_list.c:27:6:void List_Constructor(list_t*, unsigned int)	24	static
lib_list.c:44:6:void List_Destructor(list_t*)	16	static
lib_list.c:54:10:uint32_t List_MaxSize()	4	static
lib_list.c:56:6:bool List_IsEmpty(list_t*)	16	static
lib_list.c:58:10:uint32_t List_GetSize(list_t*)	16	static
lib_list.c:60:14:list_node_t* List_Create(list_t*, list_node_t*)	32	static
lib_list.c:84:14:list_node_t* List_Insert(list_t*, list_node_t*, void*)	32	static
lib_list.c:91:6:void List_Erase(list_t*, list_node_t*)	16	static
lib_list.c:109:6:void List_PopFront(list_t*)	16	static
lib_list.c:115:6:void List_PopBack(list_t*)	16	static
lib_list.c:121:14:list_node_t* List_PushFront(list_t*, void*)	16	static
lib_list.c:125:14:list_node_t* List_PushBack(list_t*, void*)	16	static
lib_list.c:129:6:void List_Clear(list_t*)	16	static
lib_list.c:136:7:void* List_GetFront(list_t*)	16	static
lib_list.c:138:7:void* List_GetBack(list_t*)	16	static
lib_list.c:140:14:list_node_t* List_ItBegin(list_t*)	16	static
lib_list.c:142:14:list_node_t* List_ItEnd(list_t*)	16	static
lib_list.c:186:1:void __static_initialization_and_destruction_0(int, int)	16	static
lib_list.c:186:1:c)	8	static
