gthr-default.h:229:1:int __gthread_key_delete(__gthread_key_t)	16	static
rte_i2c.h:76:13:void I2C_SimpleDeinit(I2C_Type*)	16	static
rte_i2c.c:8:10:status_t I2C_SimpleInit(I2C_Type*, uint32_t)	32	static
rte_i2c.c:23:10:status_t I2C_SimpleReadBlocking(I2C_Type*, uint8_t, uint8_t, uint8_t*, uint32_t)	48	static
rte_i2c.c:36:10:status_t I2C_SimpleWriteBlocking(I2C_Type*, uint8_t, uint8_t, uint8_t*, uint32_t)	48	static
rte_i2c.c:51:1:void __static_initialization_and_destruction_0(int, int)	16	static
rte_i2c.c:51:1:c)	8	static
