gthr-default.h:229:1:int __gthread_key_delete(__gthread_key_t)	16	static
fsl_port.h:346:20:void PORT_SetPinMux(PORT_Type*, uint32_t, port_mux_t)	24	static
rte_softi2c.c:31:10:status_t SI2C_Init(si2c_master_t*)	24	static
rte_softi2c.c:61:10:status_t SI2C_MasterReadBlocking(si2c_master_t*, uint8_t, uint8_t, uint8_t*, uint32_t)	24	static
rte_softi2c.c:86:10:status_t SI2C_MasterWriteBlocking(si2c_master_t*, uint8_t, uint8_t, uint8_t*, uint32_t)	32	static
rte_softi2c.c:112:12:PORT_Type* PORTxGet(GPIO_Type*)	16	static
rte_softi2c.c:152:13:void SCL_out(si2c_master_t*)	16	static
rte_softi2c.c:157:13:void SDA_out(si2c_master_t*)	16	static
rte_softi2c.c:162:13:void SDA_in(si2c_master_t*)	16	static
rte_softi2c.c:172:13:void SDA_H(si2c_master_t*)	16	static
rte_softi2c.c:177:13:void SDA_L(si2c_master_t*)	16	static
rte_softi2c.c:182:13:void SCL_H(si2c_master_t*)	16	static
rte_softi2c.c:187:13:void SCL_L(si2c_master_t*)	16	static
rte_softi2c.c:192:17:uint32_t SDA_val(si2c_master_t*)	16	static
rte_softi2c.c:202:13:void IIC_Delay(si2c_master_t*)	24	static
rte_softi2c.c:214:13:void IIC_Start(si2c_master_t*)	16	static
rte_softi2c.c:227:13:void IIC_Stop(si2c_master_t*)	16	static
rte_softi2c.c:238:13:void IIC_Send_Byte(si2c_master_t*, uint8_t)	24	static
rte_softi2c.c:260:16:uint8_t IIC_Read_Byte(si2c_master_t*, uint8_t)	24	static
rte_softi2c.c:281:16:uint8_t IIC_Wait_Ack(si2c_master_t*)	24	static
rte_softi2c.c:301:13:void IIC_Ack(si2c_master_t*)	16	static
rte_softi2c.c:312:13:void IIC_NAck(si2c_master_t*)	16	static
rte_softi2c.c:326:1:void __static_initialization_and_destruction_0(int, int)	16	static
rte_softi2c.c:326:1:c)	8	static
