gthr-default.h:229:1:int __gthread_key_delete(__gthread_key_t)	16	static
sys_extint_port.cpp:10:12:PORT_Type* EXTINT_GetPortInst(GPIO_Type*)	16	static
sys_extint_port.cpp:22:6:void PORTA_IRQHandler()	8	static
sys_extint_port.cpp:23:6:void PORTB_IRQHandler()	8	static
sys_extint_port.cpp:24:6:void PORTC_IRQHandler()	8	static
sys_extint_port.cpp:25:6:void PORTD_IRQHandler()	8	static
sys_extint_port.cpp:26:6:void PORTE_IRQHandler()	8	static
sys_extint_port.cpp:30:1:void __static_initialization_and_destruction_0(int, int)	16	static
sys_extint_port.cpp:30:1:cpp)	8	static
